// Jest Snapshot v1, https://goo.gl/fbAQLP

exports[`Project has the expected html structure 1`] = `
<ul
  class="project-container list-group"
>
  <li
    class="project-name card-title list-group-item d-flex w-100 justify-content-between"
  >
    <h5>
      Test project
    </h5>
  </li>
   
  <li
    class="project-description list-group-item d-flex w-100 justify-content-between"
  >
    
    Test description
  
  </li>
   
  <li
    class="project-date list-group-item d-flex w-100 justify-content-between"
  >
    
    2017-10-25
  
  </li>
   
  <li
    class="project-owner list-group-item d-flex w-100 justify-content-between"
  >
    
    Self
  
  </li>
   
  <li
    class="project-repo-url list-group-item d-flex w-100 justify-content-between"
  >
    
    github.com/test_project
  
  </li>
   
  <li
    class="project-tech-weights list-group-item"
  >
    <!---->
  </li>
</ul>
`;
