// Jest Snapshot v1, https://goo.gl/fbAQLP

exports[`UserDetails has the expected html structure 1`] = `
<div
  class="card"
>
  <ul
    class="user-details list-group list-group-flush"
  >
    <li
      class="user-name list-group-item"
    >
      
      Test User
    
    </li>
     
    <li
      class="user-email list-group-item"
    >
      
      test@test.com
    
    </li>
     
    <li
      class="user-github list-group-item"
    >
      
      github.com/test
    
    </li>
     
    <li
      class="user-linkedin list-group-item"
    >
      
      linkedin.com/test
    
    </li>
  </ul>
</div>
`;
